// Jest Snapshot v1, https://goo.gl/fbAQLP

exports[`RepoCell snapshots matches its snapshot with no props 1`] = `null`;

exports[`RepoCell snapshots matches snapshot with props 1`] = `null`;
