// Jest Snapshot v1, https://goo.gl/fbAQLP

exports[`Dropdown Select renders a select element 1`] = `
<select
  onChange={[Function]}
>
  <option
    value="no options provied"
  >
    Sort by 
    no options provied
  </option>
</select>
`;
