// Jest Snapshot v1, https://goo.gl/fbAQLP

exports[`SortOrderButton matches its snapshot with minimal props 1`] = `
<button
  onClick={[Function]}
>
  â€¢
</button>
`;
